------------------------------------------------------------
Timing Analyzer Summary
------------------------------------------------------------

Type  : Slow 1200mV 85C Model Setup 'sc5|altpll_component|auto_generated|pll1|clk[0]'
Slack : -2.647
TNS   : -57.728

Type  : Slow 1200mV 85C Model Hold 'sc5|altpll_component|auto_generated|pll1|clk[0]'
Slack : 0.390
TNS   : 0.000

Type  : Slow 1200mV 85C Model Minimum Pulse Width 'sc5|altpll_component|auto_generated|pll1|clk[0]'
Slack : 4.705
TNS   : 0.000

Type  : Slow 1200mV 85C Model Minimum Pulse Width 'CLK'
Slack : 9.891
TNS   : 0.000

Type  : Slow 1200mV 0C Model Setup 'sc5|altpll_component|auto_generated|pll1|clk[0]'
Slack : -1.438
TNS   : -21.737

Type  : Slow 1200mV 0C Model Hold 'sc5|altpll_component|auto_generated|pll1|clk[0]'
Slack : 0.349
TNS   : 0.000

Type  : Slow 1200mV 0C Model Minimum Pulse Width 'sc5|altpll_component|auto_generated|pll1|clk[0]'
Slack : 4.691
TNS   : 0.000

Type  : Slow 1200mV 0C Model Minimum Pulse Width 'CLK'
Slack : 9.887
TNS   : 0.000

Type  : Fast 1200mV 0C Model Setup 'sc5|altpll_component|auto_generated|pll1|clk[0]'
Slack : 3.022
TNS   : 0.000

Type  : Fast 1200mV 0C Model Hold 'sc5|altpll_component|auto_generated|pll1|clk[0]'
Slack : 0.179
TNS   : 0.000

Type  : Fast 1200mV 0C Model Minimum Pulse Width 'sc5|altpll_component|auto_generated|pll1|clk[0]'
Slack : 4.775
TNS   : 0.000

Type  : Fast 1200mV 0C Model Minimum Pulse Width 'CLK'
Slack : 9.574
TNS   : 0.000

------------------------------------------------------------
