------------------------------------------------------------
Timing Analyzer Summary
------------------------------------------------------------

Type  : Slow 1200mV 85C Model Setup 'sc5|altpll_component|auto_generated|pll1|clk[0]'
Slack : 0.852
TNS   : 0.000

Type  : Slow 1200mV 85C Model Hold 'sc5|altpll_component|auto_generated|pll1|clk[0]'
Slack : 0.403
TNS   : 0.000

Type  : Slow 1200mV 85C Model Minimum Pulse Width 'sc5|altpll_component|auto_generated|pll1|clk[0]'
Slack : 4.694
TNS   : 0.000

Type  : Slow 1200mV 85C Model Minimum Pulse Width 'CLK'
Slack : 9.891
TNS   : 0.000

Type  : Slow 1200mV 0C Model Setup 'sc5|altpll_component|auto_generated|pll1|clk[0]'
Slack : 1.724
TNS   : 0.000

Type  : Slow 1200mV 0C Model Hold 'sc5|altpll_component|auto_generated|pll1|clk[0]'
Slack : 0.354
TNS   : 0.000

Type  : Slow 1200mV 0C Model Minimum Pulse Width 'sc5|altpll_component|auto_generated|pll1|clk[0]'
Slack : 4.687
TNS   : 0.000

Type  : Slow 1200mV 0C Model Minimum Pulse Width 'CLK'
Slack : 9.887
TNS   : 0.000

Type  : Fast 1200mV 0C Model Setup 'sc5|altpll_component|auto_generated|pll1|clk[0]'
Slack : 3.445
TNS   : 0.000

Type  : Fast 1200mV 0C Model Hold 'sc5|altpll_component|auto_generated|pll1|clk[0]'
Slack : 0.179
TNS   : 0.000

Type  : Fast 1200mV 0C Model Minimum Pulse Width 'sc5|altpll_component|auto_generated|pll1|clk[0]'
Slack : 4.775
TNS   : 0.000

Type  : Fast 1200mV 0C Model Minimum Pulse Width 'CLK'
Slack : 9.574
TNS   : 0.000

------------------------------------------------------------
